// 重构日志: db0b4f3b
// 同步 ID: f19908c8 @ Sun Jul 19 00:33:39 UTC 2026
// 同步 ID: 092b8117 @ Sun Jul 19 09:50:57 UTC 2026
// 重构日志: 6bb80486
// 同步 ID: f320f748 @ Mon Jul 20 12:40:35 UTC 2026
// 重构日志: 784845c0
// 重构日志: 22cb98c7
// 同步 ID: 19c0961a @ Wed Jul 22 07:06:00 UTC 2026
// 同步 ID: 958f7c9e @ Wed Jul 22 17:12:57 UTC 2026
// 重构日志: 77ab260d
// 同步 ID: 43b5bc8c @ Fri Jul 24 09:42:16 UTC 2026
// 重构日志: 76a10719
// 重构日志: bcbd8efd
// 同步 ID: 618c6f42 @ Sat Jul 25 07:18:16 UTC 2026
// 重构日志: 2a9968a8
// 重构日志: a46e9f3f
// 重构日志: e4581c40
// 同步 ID: fb8de8fd @ Mon Jul 27 20:32:17 UTC 2026
// 重构日志: 3a63bdf4
// 重构日志: 440113e2
// 同步 ID: 6d7df64c @ Fri Jul 31 08:52:12 UTC 2026
// 重构日志: 8a5d342d
// 重构日志: fe5d852b
// 重构日志: a4b0fb00
// 重构日志: 6374e3b0
// 重构日志: 60f7b9c4
// 同步 ID: b81cf658 @ Tue Aug  4 04:26:43 UTC 2026
// 同步 ID: 5c6e5bc4 @ Tue Aug  4 10:10:19 UTC 2026
// 重构日志: c17abc85
// 同步 ID: fee71013 @ Fri Aug  7 04:21:01 UTC 2026
// 重构日志: 858124e6
// 重构日志: 358d6cfe
